// Jest Snapshot v1, https://goo.gl/fbAQLP

exports[`Nav component matches snapshot 1`] = `
<DocumentFragment>
  <header
    class="flex-row px-1"
    data-testid="link"
  >
    <h2>
      <a
        href="/"
      >
        <span
          aria-label="camera"
          role="img"
        >
          ðŸ“¸
        </span>
        React Gallery
      </a>
    </h2>
    <nav>
      <ul
        class="flex-row"
        data-testid="about"
      >
        <li
          class="mx-2"
        >
          <a
            href="#about"
          >
            About Me
          </a>
        </li>
        <li
          class="mx-2"
        >
          <span>
            Contact
          </span>
        </li>
        <li
          class="mx-2"
        >
          <span>
            Commercial
          </span>
        </li>
        <li
          class="mx-2"
        >
          <span>
            Portraits
          </span>
        </li>
        <li
          class="mx-2"
        >
          <span>
            Food
          </span>
        </li>
        <li
          class="mx-2"
        >
          <span>
            Landscape
          </span>
        </li>
      </ul>
    </nav>
  </header>
</DocumentFragment>
`;
